[d29u17ylf1ylz9.cloudfront.net/tienda-v4/tienda/index2.html]
[backblue.gif]
[fade.gif]
[index.html]
[d29u17ylf1ylz9.cloudfront.net/tienda-v4/tienda/assets/img/favicon.ico]
[d29u17ylf1ylz9.cloudfront.net/tienda-v4/tienda/assets/css/vendor/bootstrap.min.css]
[d29u17ylf1ylz9.cloudfront.net/tienda-v4/tienda/assets/css/vendor/font-awesome.css]
[d29u17ylf1ylz9.cloudfront.net/tienda-v4/tienda/assets/css/plugins.css]
[d29u17ylf1ylz9.cloudfront.net/tienda-v4/tienda/assets/css/helper.min.css]
[d29u17ylf1ylz9.cloudfront.net/tienda-v4/tienda/assets/css/style.css]
[d29u17ylf1ylz9.cloudfront.net/tienda-v4/tienda/assets/js/vendor/modernizr-2.8.3.min.js]
[d29u17ylf1ylz9.cloudfront.net/tienda-v4/tienda/my-account.html]
[d29u17ylf1ylz9.cloudfront.net/tienda-v4/tienda/wishlist.html]
[d29u17ylf1ylz9.cloudfront.net/tienda-v4/tienda/login-register.html]
[d29u17ylf1ylz9.cloudfront.net/tienda-v4/tienda/index.html]
[d29u17ylf1ylz9.cloudfront.net/tienda-v4/tienda/assets/img/logo.png]
[d29u17ylf1ylz9.cloudfront.net/tienda-v4/tienda/assets/img/icons/icon-search.png]
[d29u17ylf1ylz9.cloudfront.net/tienda-v4/tienda/single-product.html]
[d29u17ylf1ylz9.cloudfront.net/tienda-v4/tienda/assets/img/product-1.jpg]
[d29u17ylf1ylz9.cloudfront.net/tienda-v4/tienda/assets/img/product-2.jpg]
[d29u17ylf1ylz9.cloudfront.net/tienda-v4/tienda/assets/img/product-3.jpg]
[d29u17ylf1ylz9.cloudfront.net/tienda-v4/tienda/checkout.html]
[d29u17ylf1ylz9.cloudfront.net/tienda-v4/tienda/assets/img/icons/desktop.png]
[d29u17ylf1ylz9.cloudfront.net/tienda-v4/tienda/assets/img/icons/mobile.png]
[d29u17ylf1ylz9.cloudfront.net/tienda-v4/tienda/assets/img/icons/camera.png]
[d29u17ylf1ylz9.cloudfront.net/tienda-v4/tienda/assets/img/icons/fan.png]
[d29u17ylf1ylz9.cloudfront.net/tienda-v4/tienda/assets/img/icons/games.png]
[d29u17ylf1ylz9.cloudfront.net/tienda-v4/tienda/assets/img/icons/tv.png]
[d29u17ylf1ylz9.cloudfront.net/tienda-v4/tienda/index3.html]
[d29u17ylf1ylz9.cloudfront.net/tienda-v4/tienda/index4.html]
[d29u17ylf1ylz9.cloudfront.net/tienda-v4/tienda/about.html]
[d29u17ylf1ylz9.cloudfront.net/tienda-v4/tienda/shop.html]
[d29u17ylf1ylz9.cloudfront.net/tienda-v4/tienda/shop-4-grid.html]
[d29u17ylf1ylz9.cloudfront.net/tienda-v4/tienda/shop-list.html]
[d29u17ylf1ylz9.cloudfront.net/tienda-v4/tienda/shop-right-sidebar.html]
[d29u17ylf1ylz9.cloudfront.net/tienda-v4/tienda/shop-3-grid.html]
[d29u17ylf1ylz9.cloudfront.net/tienda-v4/tienda/shop-list-left-sidebar.html]
[d29u17ylf1ylz9.cloudfront.net/tienda-v4/tienda/single-product-carousel.html]
[d29u17ylf1ylz9.cloudfront.net/tienda-v4/tienda/shop-list-right-sidebar.html]
[d29u17ylf1ylz9.cloudfront.net/tienda-v4/tienda/single-product-sticky-left.html]
[d29u17ylf1ylz9.cloudfront.net/tienda-v4/tienda/single-product-sticky-right.html]
[d29u17ylf1ylz9.cloudfront.net/tienda-v4/tienda/single-product-gallery-left.html]
[d29u17ylf1ylz9.cloudfront.net/tienda-v4/tienda/single-product-gallery-right.html]
[d29u17ylf1ylz9.cloudfront.net/tienda-v4/tienda/single-product-tab-style-top.html]
[d29u17ylf1ylz9.cloudfront.net/tienda-v4/tienda/single-product-tab-style-right.html]
[d29u17ylf1ylz9.cloudfront.net/tienda-v4/tienda/single-product-tab-style-left.html]
[d29u17ylf1ylz9.cloudfront.net/tienda-v4/tienda/single-product-group.html]
[d29u17ylf1ylz9.cloudfront.net/tienda-v4/tienda/single-product-sale.html]
[d29u17ylf1ylz9.cloudfront.net/tienda-v4/tienda/single-product-normal.html]
[d29u17ylf1ylz9.cloudfront.net/tienda-v4/tienda/cart.html]
[d29u17ylf1ylz9.cloudfront.net/tienda-v4/tienda/compare.html]
[d29u17ylf1ylz9.cloudfront.net/tienda-v4/tienda/404.html]
[d29u17ylf1ylz9.cloudfront.net/tienda-v4/tienda/single-product-affiliate.html]
[d29u17ylf1ylz9.cloudfront.net/tienda-v4/tienda/blog.html]
[d29u17ylf1ylz9.cloudfront.net/tienda-v4/tienda/blog-right-sidebar.html]
[d29u17ylf1ylz9.cloudfront.net/tienda-v4/tienda/blog-grid.html]
[d29u17ylf1ylz9.cloudfront.net/tienda-v4/tienda/single-blog.html]
[d29u17ylf1ylz9.cloudfront.net/tienda-v4/tienda/single-blog-right-sidebar.html]
[d29u17ylf1ylz9.cloudfront.net/tienda-v4/tienda/contact.html]
[d29u17ylf1ylz9.cloudfront.net/tienda-v4/tienda/assets/img/home2-slider-img-1.jpg]
[d29u17ylf1ylz9.cloudfront.net/tienda-v4/tienda/assets/img/home2-slider-img-2.jpg]
[d29u17ylf1ylz9.cloudfront.net/tienda-v4/tienda/assets/img/banner-masonry-1.jpg]
[d29u17ylf1ylz9.cloudfront.net/tienda-v4/tienda/assets/img/banner-masonry-2.jpg]
[d29u17ylf1ylz9.cloudfront.net/tienda-v4/tienda/assets/img/banner-masonry-3.jpg]
[d29u17ylf1ylz9.cloudfront.net/tienda-v4/tienda/assets/img/banner-masonry-4.jpg]
[d29u17ylf1ylz9.cloudfront.net/tienda-v4/tienda/assets/img/banner-masonry-5.jpg]
[d29u17ylf1ylz9.cloudfront.net/tienda-v4/tienda/assets/img/product-4.jpg]
[d29u17ylf1ylz9.cloudfront.net/tienda-v4/tienda/assets/img/product-5.jpg]
[d29u17ylf1ylz9.cloudfront.net/tienda-v4/tienda/assets/img/banner-home-one.jpg]
[d29u17ylf1ylz9.cloudfront.net/tienda-v4/tienda/assets/img/home2-banner.jpg]
[d29u17ylf1ylz9.cloudfront.net/tienda-v4/tienda/assets/img/sidebar-banner.jpg]
[d29u17ylf1ylz9.cloudfront.net/tienda-v4/tienda/assets/img/blog-thumb-1.jpg]
[d29u17ylf1ylz9.cloudfront.net/tienda-v4/tienda/assets/img/blog-thumb-2.jpg]
[d29u17ylf1ylz9.cloudfront.net/tienda-v4/tienda/assets/img/blog-thumb-3.jpg]
[d29u17ylf1ylz9.cloudfront.net/tienda-v4/tienda/assets/img/blog-thumb-4.jpg]
[d29u17ylf1ylz9.cloudfront.net/tienda-v4/tienda/assets/img/client-1.jpg]
[d29u17ylf1ylz9.cloudfront.net/tienda-v4/tienda/assets/img/client-2.jpg]
[d29u17ylf1ylz9.cloudfront.net/tienda-v4/tienda/assets/img/client-3.jpg]
[d29u17ylf1ylz9.cloudfront.net/tienda-v4/tienda/assets/img/logo-1.png]
[d29u17ylf1ylz9.cloudfront.net/tienda-v4/tienda/assets/img/logo-2.png]
[d29u17ylf1ylz9.cloudfront.net/tienda-v4/tienda/assets/img/logo-3.png]
[d29u17ylf1ylz9.cloudfront.net/tienda-v4/tienda/assets/img/logo-4.png]
[d29u17ylf1ylz9.cloudfront.net/tienda-v4/tienda/assets/img/logo-5.png]
[d29u17ylf1ylz9.cloudfront.net/tienda-v4/tienda/assets/img/logo-6.png]
[d29u17ylf1ylz9.cloudfront.net/tienda-v4/tienda/assets/img/payment.png]
[d29u17ylf1ylz9.cloudfront.net/tienda-v4/tienda/assets/img/icons/cancel.png]
[d29u17ylf1ylz9.cloudfront.net/tienda-v4/tienda/assets/img/single-pro-1.jpg]
[d29u17ylf1ylz9.cloudfront.net/tienda-v4/tienda/assets/img/single-pro-2.jpg]
[d29u17ylf1ylz9.cloudfront.net/tienda-v4/tienda/assets/img/single-pro-3.jpg]
[d29u17ylf1ylz9.cloudfront.net/tienda-v4/tienda/assets/img/single-pro-4.jpg]
[d29u17ylf1ylz9.cloudfront.net/tienda-v4/tienda/assets/js/vendor/jquery-3.3.1.min.js]
[d29u17ylf1ylz9.cloudfront.net/tienda-v4/tienda/assets/js/vendor/jquery-migrate-1.4.1.min.js]
[d29u17ylf1ylz9.cloudfront.net/tienda-v4/tienda/assets/js/vendor/popper.min.js]
[d29u17ylf1ylz9.cloudfront.net/tienda-v4/tienda/assets/js/vendor/bootstrap.min.js]
[d29u17ylf1ylz9.cloudfront.net/tienda-v4/tienda/assets/js/ajax-mail.js]
[d29u17ylf1ylz9.cloudfront.net/tienda-v4/tienda/assets/js/plugins.js]
[d29u17ylf1ylz9.cloudfront.net/tienda-v4/tienda/index2.html]
[d29u17ylf1ylz9.cloudfront.net/tienda-v4/tienda/assets/css/vendor/bootstrap.min.css]
[d29u17ylf1ylz9.cloudfront.net/tienda-v4/tienda/assets/js/active.js]
[d29u17ylf1ylz9.cloudfront.net/tienda-v4/tienda/assets/fonts/fontawesome-webfont3e6e.eot]
[d29u17ylf1ylz9.cloudfront.net/tienda-v4/tienda/assets/fonts/fontawesome-webfontd41d.eot]
[d29u17ylf1ylz9.cloudfront.net/tienda-v4/tienda/assets/fonts/fontawesome-webfont3e6e.woff2]
[d29u17ylf1ylz9.cloudfront.net/tienda-v4/tienda/assets/fonts/fontawesome-webfont3e6e.woff]
[d29u17ylf1ylz9.cloudfront.net/tienda-v4/tienda/assets/fonts/fontawesome-webfont3e6e.ttf]
[d29u17ylf1ylz9.cloudfront.net/tienda-v4/tienda/assets/css/vendor/font-awesome.css]
[d29u17ylf1ylz9.cloudfront.net/tienda-v4/tienda/assets/fonts/fontawesome-webfont3e6e.svg]
[d29u17ylf1ylz9.cloudfront.net/tienda-v4/tienda/assets/img/leaflet/layers.png]
[d29u17ylf1ylz9.cloudfront.net/tienda-v4/tienda/assets/img/leaflet/layers-2x.png]
[d29u17ylf1ylz9.cloudfront.net/tienda-v4/tienda/assets/css/plugins.css]
[d29u17ylf1ylz9.cloudfront.net/tienda-v4/tienda/assets/img/leaflet/marker-icon.png]
[d29u17ylf1ylz9.cloudfront.net/tienda-v4/tienda/assets/css/helper.min.css]
[d29u17ylf1ylz9.cloudfront.net/tienda-v4/tienda/assets/img/popular-cat-img-1.jpg]
[d29u17ylf1ylz9.cloudfront.net/tienda-v4/tienda/assets/img/popular-cat-img-2.jpg]
[d29u17ylf1ylz9.cloudfront.net/tienda-v4/tienda/assets/img/popular-cat-img-3.jpg]
[d29u17ylf1ylz9.cloudfront.net/tienda-v4/tienda/assets/img/popular-cat-img-4.jpg]
[d29u17ylf1ylz9.cloudfront.net/tienda-v4/tienda/assets/img/slider-img-1.jpg]
[d29u17ylf1ylz9.cloudfront.net/tienda-v4/tienda/assets/img/slider-img-2.jpg]
[d29u17ylf1ylz9.cloudfront.net/tienda-v4/tienda/assets/css/style.css]
[d29u17ylf1ylz9.cloudfront.net/tienda-v4/tienda/assets/img/slider-img-3.jpg]
[d29u17ylf1ylz9.cloudfront.net/tienda-v4/tienda/my-account.html]
[d29u17ylf1ylz9.cloudfront.net/tienda-v4/tienda/wishlist.html]
[d29u17ylf1ylz9.cloudfront.net/tienda-v4/tienda/login-register.html]
[d29u17ylf1ylz9.cloudfront.net/tienda-v4/tienda/assets/img/cat-pro-1.jpg]
[d29u17ylf1ylz9.cloudfront.net/tienda-v4/tienda/assets/img/cat-pro-2.jpg]
[d29u17ylf1ylz9.cloudfront.net/tienda-v4/tienda/assets/img/cat-pro-3.jpg]
[d29u17ylf1ylz9.cloudfront.net/tienda-v4/tienda/assets/img/cat-pro-4.jpg]
[d29u17ylf1ylz9.cloudfront.net/tienda-v4/tienda/assets/img/cat-pro-5.jpg]
[d29u17ylf1ylz9.cloudfront.net/tienda-v4/tienda/assets/img/cat-pro-6.jpg]
[d29u17ylf1ylz9.cloudfront.net/tienda-v4/tienda/index.html]
[d29u17ylf1ylz9.cloudfront.net/tienda-v4/tienda/single-product.html]
[d29u17ylf1ylz9.cloudfront.net/tienda-v4/tienda/assets/img/paypal-card.jpg]
[d29u17ylf1ylz9.cloudfront.net/tienda-v4/tienda/checkout.html]
[d29u17ylf1ylz9.cloudfront.net/tienda-v4/tienda/assets/img/logo-black.png]
[d29u17ylf1ylz9.cloudfront.net/tienda-v4/tienda/assets/img/home3-slider-img-1.jpg]
[d29u17ylf1ylz9.cloudfront.net/tienda-v4/tienda/assets/img/home3-slider-img-2.jpg]
[d29u17ylf1ylz9.cloudfront.net/tienda-v4/tienda/assets/img/home3-sidebar-banner.jpg]
[d29u17ylf1ylz9.cloudfront.net/tienda-v4/tienda/index3.html]
[d29u17ylf1ylz9.cloudfront.net/tienda-v4/tienda/assets/img/home4-deal-product-1.jpg]
[d29u17ylf1ylz9.cloudfront.net/tienda-v4/tienda/assets/img/home4-deal-product-2.jpg]
[d29u17ylf1ylz9.cloudfront.net/tienda-v4/tienda/assets/img/home4-deal-product-3.jpg]
[d29u17ylf1ylz9.cloudfront.net/tienda-v4/tienda/assets/img/home4-banner.jpg]
[d29u17ylf1ylz9.cloudfront.net/tienda-v4/tienda/assets/img/home4-cat-banner-small.jpg]
[d29u17ylf1ylz9.cloudfront.net/tienda-v4/tienda/assets/img/home4-cat-banner-large.jpg]
[d29u17ylf1ylz9.cloudfront.net/tienda-v4/tienda/index4.html]
[d29u17ylf1ylz9.cloudfront.net/tienda-v4/tienda/assets/img/about.jpg]
[d29u17ylf1ylz9.cloudfront.net/tienda-v4/tienda/about.html]
[d29u17ylf1ylz9.cloudfront.net/tienda-v4/tienda/assets/img/product-6.jpg]
[d29u17ylf1ylz9.cloudfront.net/tienda-v4/tienda/shop.html]
[d29u17ylf1ylz9.cloudfront.net/tienda-v4/tienda/shop-3-grid.html]
[d29u17ylf1ylz9.cloudfront.net/tienda-v4/tienda/shop-4-grid.html]
[d29u17ylf1ylz9.cloudfront.net/tienda-v4/tienda/shop-list.html]
[d29u17ylf1ylz9.cloudfront.net/tienda-v4/tienda/shop-right-sidebar.html]
[d29u17ylf1ylz9.cloudfront.net/tienda-v4/tienda/shop-list-left-sidebar.html]
[d29u17ylf1ylz9.cloudfront.net/tienda-v4/tienda/shop-list-right-sidebar.html]
[d29u17ylf1ylz9.cloudfront.net/tienda-v4/tienda/single-product-carousel.html]
[d29u17ylf1ylz9.cloudfront.net/tienda-v4/tienda/single-product-sticky-left.html]
[d29u17ylf1ylz9.cloudfront.net/tienda-v4/tienda/single-product-sticky-right.html]
[d29u17ylf1ylz9.cloudfront.net/tienda-v4/tienda/single-product-gallery-left.html]
[d29u17ylf1ylz9.cloudfront.net/tienda-v4/tienda/single-product-gallery-right.html]
[d29u17ylf1ylz9.cloudfront.net/tienda-v4/tienda/single-product-tab-style-top.html]
[d29u17ylf1ylz9.cloudfront.net/tienda-v4/tienda/single-product-tab-style-left.html]
[d29u17ylf1ylz9.cloudfront.net/tienda-v4/tienda/single-product-tab-style-right.html]
[d29u17ylf1ylz9.cloudfront.net/tienda-v4/tienda/single-product-sale.html]
[d29u17ylf1ylz9.cloudfront.net/tienda-v4/tienda/single-product-group.html]
[d29u17ylf1ylz9.cloudfront.net/tienda-v4/tienda/single-product-normal.html]
[d29u17ylf1ylz9.cloudfront.net/tienda-v4/tienda/single-product-affiliate.html]
[d29u17ylf1ylz9.cloudfront.net/tienda-v4/tienda/cart.html]
[d29u17ylf1ylz9.cloudfront.net/tienda-v4/tienda/compare.html]
[d29u17ylf1ylz9.cloudfront.net/tienda-v4/tienda/404.html]
[d29u17ylf1ylz9.cloudfront.net/tienda-v4/tienda/blog.html]
[d29u17ylf1ylz9.cloudfront.net/tienda-v4/tienda/blog-right-sidebar.html]
[d29u17ylf1ylz9.cloudfront.net/tienda-v4/tienda/blog-grid.html]
[d29u17ylf1ylz9.cloudfront.net/tienda-v4/tienda/assets/img/single-blog.jpg]
[d29u17ylf1ylz9.cloudfront.net/tienda-v4/tienda/assets/img/single-blog-2.jpg]
[d29u17ylf1ylz9.cloudfront.net/tienda-v4/tienda/assets/img/author-1.jpg]
[d29u17ylf1ylz9.cloudfront.net/tienda-v4/tienda/assets/img/author-2.jpg]
[d29u17ylf1ylz9.cloudfront.net/tienda-v4/tienda/single-blog.html]
[d29u17ylf1ylz9.cloudfront.net/tienda-v4/tienda/assets/img/author-3.jpg]
[d29u17ylf1ylz9.cloudfront.net/tienda-v4/tienda/single-blog-right-sidebar.html]
[d29u17ylf1ylz9.cloudfront.net/tienda-v4/tienda/contact.html]
[d29u17ylf1ylz9.cloudfront.net/tienda-v4/tienda/assets/fonts/fontawesome-webfont3e6e.svg]
[d29u17ylf1ylz9.cloudfront.net/tienda-v4/tienda/assets/css/owl.video.play.png]
[d29u17ylf1ylz9.cloudfront.net/tienda-v4/tienda/single-product-gruop.html]
